BL51 BANKED LINKER/LOCATER V5.03                                                        04/15/2024  20:18:22  PAGE 1


BL51 BANKED LINKER/LOCATER V5.03, INVOKED BY:
D:\KEIL_V5\C51\BIN\BL51.EXE .\Objects\main.obj, .\Objects\uart.obj TO .\Objects\test4 PRINT (.\Listings\test4.m51) RAMSI
>> ZE (256)


MEMORY MODEL: SMALL


INPUT MODULES INCLUDED:
  .\Objects\main.obj (MAIN)
  .\Objects\uart.obj (UART)
  D:\KEIL_V5\C51\LIB\C51S.LIB (?C_STARTUP)
  D:\KEIL_V5\C51\LIB\C51S.LIB (?C?CLDPTR)
  D:\KEIL_V5\C51\LIB\C51S.LIB (?C?UIDIV)


LINK MAP OF MODULE:  .\Objects\test4 (MAIN)


            TYPE    BASE      LENGTH    RELOCATION   SEGMENT NAME
            -----------------------------------------------------

            * * * * * * *   D A T A   M E M O R Y   * * * * * * *
            REG     0000H     0008H     ABSOLUTE     "REG BANK 0"
            DATA    0008H     0017H     UNIT         ?DT?MAIN
            DATA    001FH     0003H     UNIT         _DATA_GROUP_
            IDATA   0022H     0001H     UNIT         ?STACK

            * * * * * * *   C O D E   M E M O R Y   * * * * * * *
            CODE    0000H     0003H     ABSOLUTE     
                    0003H     0008H                  *** GAP ***
            CODE    000BH     0003H     ABSOLUTE     
                    000EH     0015H                  *** GAP ***
            CODE    0023H     0003H     ABSOLUTE     
                    0026H     07DAH                  *** GAP ***
            CODE    0800H     006EH     UNIT         ?C?LIB_CODE
            CODE    086EH     002BH     UNIT         ?PR?T0_SERVICE?MAIN
            CODE    0899H     0025H     UNIT         ?PR?UART1_SERVICE?MAIN
            CODE    08BEH     0025H     UNIT         ?PR?_SEND_STR?UART
            CODE    08E3H     001CH     UNIT         ?PR?UART_SERVICE?MAIN
            CODE    08FFH     0017H     UNIT         ?PR?UARTINIT?UART
            CODE    0916H     0015H     UNIT         ?PR?TIMER0INIT?MAIN
            CODE    092BH     0014H     UNIT         ?PR?MAIN?MAIN
            CODE    093FH     000CH     UNIT         ?CO?MAIN
            CODE    094BH     000CH     UNIT         ?C_C51STARTUP
            CODE    0957H     0008H     UNIT         ?PR?_SEND_BYTE?UART



OVERLAY MAP OF MODULE:   .\Objects\test4 (MAIN)


SEGMENT                          DATA_GROUP 
  +--> CALLED SEGMENT          START    LENGTH
----------------------------------------------
?C_C51STARTUP                  -----    -----
  +--> ?PR?MAIN?MAIN

BL51 BANKED LINKER/LOCATER V5.03                                                      04/15/2024  20:18:22  PAGE 2


?PR?MAIN?MAIN                  -----    -----
  +--> ?PR?TIMER0INIT?MAIN
  +--> ?PR?UARTINIT?UART
  +--> ?CO?MAIN
  +--> ?PR?_SEND_STR?UART
  +--> ?PR?UART_SERVICE?MAIN

?PR?_SEND_STR?UART             001FH    0003H
  +--> ?PR?_SEND_BYTE?UART



SYMBOL TABLE OF MODULE:  .\Objects\test4 (MAIN)

  VALUE           TYPE          NAME
  ----------------------------------

  -------         MODULE        MAIN
  C:0000H         SYMBOL        _ICE_DUMMY_
  D:0080H         PUBLIC        P0
  D:0090H         PUBLIC        P1
  D:00A0H         PUBLIC        P2
  D:00C0H         PUBLIC        XICON
  D:00B0H         PUBLIC        P3
  D:00E8H         PUBLIC        P4
  B:00A8H.7       PUBLIC        EA
  D:0008H         PUBLIC        uart_n
  D:00A8H         PUBLIC        IE
  C:08E3H         PUBLIC        uart_service
  D:00B8H         PUBLIC        IP
  B:0098H.0       PUBLIC        RI
  B:0090H.7       PUBLIC        relay
  C:092BH         PUBLIC        main
  D:0009H         PUBLIC        f_slow_down
  D:0099H         PUBLIC        SBUF
  D:0098H         PUBLIC        SCON
  D:0089H         PUBLIC        TMOD
  D:0088H         PUBLIC        TCON
  D:008EH         PUBLIC        AUXR
  C:0899H         PUBLIC        uart1_service
  B:00A8H.1       PUBLIC        ET0
  B:0088H.5       PUBLIC        TF0
  C:0916H         PUBLIC        Timer0Init
  D:008CH         PUBLIC        TH0
  D:008AH         PUBLIC        TL0
  B:0088H.4       PUBLIC        TR0
  C:086EH         PUBLIC        T0_service
  D:000BH         PUBLIC        uart_rec
  D:00C8H         PUBLIC        T2CON
  D:0015H         PUBLIC        uart_str
  D:00D0H         PUBLIC        PSW
  -------         PROC          UART_SERVICE
  C:08E3H         LINE#         17
  C:08E3H         LINE#         18
  C:08E3H         LINE#         19
  C:08F2H         LINE#         20
  C:08F9H         LINE#         21
BL51 BANKED LINKER/LOCATER V5.03                                                      04/15/2024  20:18:22  PAGE 3


  C:08F9H         LINE#         22
  C:08FBH         LINE#         23
  C:08FBH         LINE#         24
  C:08FEH         LINE#         25
  -------         ENDPROC       UART_SERVICE
  -------         PROC          TIMER0INIT
  C:0916H         LINE#         28
  C:0916H         LINE#         29
  C:0916H         LINE#         30
  C:0919H         LINE#         31
  C:091CH         LINE#         32
  C:091FH         LINE#         33
  C:0922H         LINE#         34
  C:0924H         LINE#         35
  C:0926H         LINE#         36
  C:0928H         LINE#         37
  C:092AH         LINE#         38
  -------         ENDPROC       TIMER0INIT
  -------         PROC          T0_SERVICE
  C:086EH         LINE#         41
  C:0879H         LINE#         43
  C:0890H         LINE#         45
  -------         ENDPROC       T0_SERVICE
  -------         PROC          UART1_SERVICE
  C:0899H         LINE#         48
  C:08A2H         LINE#         50
  C:08ACH         LINE#         51
  C:08ACH         LINE#         52
  C:08B3H         LINE#         53
  C:08B5H         LINE#         54
  C:08B7H         LINE#         56
  C:08B7H         LINE#         57
  -------         ENDPROC       UART1_SERVICE
  -------         PROC          MAIN
  C:092BH         LINE#         59
  C:092BH         LINE#         60
  C:092BH         LINE#         61
  C:092EH         LINE#         62
  C:0931H         LINE#         63
  C:093AH         LINE#         64
  C:093AH         LINE#         65
  C:093AH         LINE#         66
  C:093DH         LINE#         68
  -------         ENDPROC       MAIN
  -------         ENDMOD        MAIN

  -------         MODULE        UART
  C:0000H         SYMBOL        _ICE_DUMMY_
  D:0080H         PUBLIC        P0
  D:0090H         PUBLIC        P1
  D:00A0H         PUBLIC        P2
  D:00C0H         PUBLIC        XICON
  D:00B0H         PUBLIC        P3
  D:00E8H         PUBLIC        P4
  B:00A8H.7       PUBLIC        EA
  D:00A8H         PUBLIC        IE
  B:00A8H.4       PUBLIC        ES
BL51 BANKED LINKER/LOCATER V5.03                                                      04/15/2024  20:18:22  PAGE 4


  D:00B8H         PUBLIC        IP
  B:0098H.1       PUBLIC        TI
  C:0957H         PUBLIC        _send_byte
  D:0099H         PUBLIC        SBUF
  D:0098H         PUBLIC        SCON
  C:08FFH         PUBLIC        UartInit
  D:0088H         PUBLIC        TCON
  D:008EH         PUBLIC        AUXR
  C:08BEH         PUBLIC        _send_str
  D:00CDH         PUBLIC        TH2
  D:00CCH         PUBLIC        TL2
  D:00C8H         PUBLIC        T2CON
  D:00D0H         PUBLIC        PSW
  -------         PROC          UARTINIT
  C:08FFH         LINE#         3
  C:08FFH         LINE#         4
  C:08FFH         LINE#         5
  C:0902H         LINE#         6
  C:0905H         LINE#         7
  C:0908H         LINE#         8
  C:090BH         LINE#         9
  C:090EH         LINE#         10
  C:0911H         LINE#         11
  C:0913H         LINE#         12
  C:0915H         LINE#         13
  -------         ENDPROC       UARTINIT
  -------         PROC          _SEND_BYTE
  D:0007H         SYMBOL        dat
  C:0957H         LINE#         15
  C:0957H         LINE#         16
  C:0957H         LINE#         17
  C:0959H         LINE#         18
  C:095CH         LINE#         19
  C:095EH         LINE#         20
  -------         ENDPROC       _SEND_BYTE
  -------         PROC          _SEND_STR
  D:001FH         SYMBOL        str
  C:08BEH         LINE#         22
  C:08C4H         LINE#         23
  C:08C4H         LINE#         24
  C:08CFH         LINE#         25
  C:08E2H         LINE#         26
  -------         ENDPROC       _SEND_STR
  -------         ENDMOD        UART

  -------         MODULE        ?C?CLDPTR
  C:0800H         PUBLIC        ?C?CLDPTR
  -------         ENDMOD        ?C?CLDPTR

  -------         MODULE        ?C?UIDIV
  C:0819H         PUBLIC        ?C?UIDIV
  -------         ENDMOD        ?C?UIDIV

******************************************************************************
* RESTRICTED VERSION WITH 0800H BYTE CODE SIZE LIMIT; USED: 00F6H BYTE (12%) *
******************************************************************************

BL51 BANKED LINKER/LOCATER V5.03                                                      04/15/2024  20:18:22  PAGE 5


Program Size: data=35.0 xdata=0 code=360
LINK/LOCATE RUN COMPLETE.  0 WARNING(S),  0 ERROR(S)
