C51 COMPILER V7.06   UART                                                                  04/15/2024 20:18:08 PAGE 1   


C51 COMPILER V7.06, COMPILATION OF MODULE UART
OBJECT MODULE PLACED IN .\Objects\uart.obj
COMPILER INVOKED BY: D:\Keil_v5\c51\BIN\C51.EXE uart.c OPTIMIZE(8,SPEED) BROWSE DEBUG OBJECTEXTEND PRINT(.\Listings\uart
                    -.lst) TABS(2) OBJECT(.\Objects\uart.obj)

stmt level    source

   1          #include <uart.h>
   2          
   3          void UartInit(void)   //9600bps@24.000MHz
   4          {
   5   1        SCON = 0x50;    //8位数据,可变波特率
   6   1        AUXR |= 0x01;   //串口1选择定时器2为波特率发生器
   7   1        AUXR &= 0xFB;   //定时器2时钟为Fosc/12,即12T
   8   1        TL2 = 0xCC;   //设定定时初值
   9   1        TH2 = 0xFF;   //设定定时初值
  10   1        AUXR |= 0x10;   //启动定时器2
  11   1        EA=1;
  12   1        ES=1;
  13   1      }
  14          
  15          void send_byte(unsigned char dat)//发送一个字节
  16          {
  17   1        SBUF=dat;//将要发送的数据赋值给SBUF寄存器
  18   1        while(TI==0);//当发送成功（TI=1）时，跳出循环
  19   1        TI=0;//TI清零
  20   1      }
  21          
  22          void send_str(unsigned char* str)//发送一个字符串
  23          {
  24   1        while(*str!='\0')//当字符没发送完时
  25   1          send_byte(*str++);//按位发送字符
  26   1      }


MODULE INFORMATION:   STATIC OVERLAYABLE
   CODE SIZE        =     68    ----
   CONSTANT SIZE    =   ----    ----
   XDATA SIZE       =   ----    ----
   PDATA SIZE       =   ----    ----
   DATA SIZE        =   ----       3
   IDATA SIZE       =   ----    ----
   BIT SIZE         =   ----    ----
END OF MODULE INFORMATION.


C51 COMPILATION COMPLETE.  0 WARNING(S),  0 ERROR(S)
